<!DOCTYPE html>
<html lang="en">

<head>
    <meta charset="utf-8">
	<meta http-equiv="X-UA-Compatible" content="IE=edge">
	<meta name="viewport" content="width=device-width, initial-scale=1, shrink-to-fit=no">
    <meta name="description" content="Prestige Inn Golden">
    <meta name="author" content="Martin Perez">
    <title>Prestige Inn Golden</title>

    <!-- Favicons-->
    <link rel="shortcut icon" href="https://koalatravel.app/img/favicon.ico" type="image/x-icon">
    <link rel="apple-touch-icon" type="image/x-icon" href="https://koalatravel.app/img/apple-touch-icon-57x57-precomposed.png">
    <link rel="apple-touch-icon" type="image/x-icon" sizes="72x72" href="https://koalatravel.app/img/apple-touch-icon-72x72-precomposed.png">
    <link rel="apple-touch-icon" type="image/x-icon" sizes="114x114" href="https://koalatravel.app/img/apple-touch-icon-114x114-precomposed.png">
    <link rel="apple-touch-icon" type="image/x-icon" sizes="144x144" href="https://koalatravel.app/img/apple-touch-icon-144x144-precomposed.png">

    <!-- GOOGLE WEB FONT -->
    <link href="https://fonts.googleapis.com/css?family=Gochi+Hand|Lato:300,400|Montserrat:400,700" rel="stylesheet">

    <!-- COMMON CSS -->
	<link href="https://koalatravel.app/css/bootstrap.min.css" rel="stylesheet">
    <link href="https://koalatravel.app/css/style.css" rel="stylesheet">
	<link href="https://koalatravel.app/css/vendors.css" rel="stylesheet">
	
	<!-- CUSTOM CSS -->
	<link href="https://koalatravel.app/css/custom.css" rel="stylesheet">

	<!-- Global site tag (gtag.js) - Google Analytics -->
	<script async src="https://www.googletagmanager.com/gtag/js?id=UA-125649418-2"></script>
	<script>
		window.dataLayer = window.dataLayer || [];
		function gtag(){dataLayer.push(arguments);}
		gtag('js', new Date());

		gtag('config', 'UA-125649418-2');
	</script>	
</head>

<body>

	<div id="preloader">
		<div class="sk-spinner sk-spinner-wave">
			<div class="sk-rect1"></div>
			<div class="sk-rect2"></div>
			<div class="sk-rect3"></div>
			<div class="sk-rect4"></div>
			<div class="sk-rect5"></div>
		</div>
	</div>
	<!-- End Preload -->

	<div class="layer"></div>
	<!-- Mobile menu overlay mask -->

	<!-- Header================================================== -->
	<header>

		<div class="container">
			<div class="row">
				<div class="col-3">
					<div id="logo">
						<a href="index.html"><img src="https://koalatravel.app/img/logo.png" width="160" height="34" alt="City tours" data-retina="true" class="logo_normal"></a>
						<a href="index.html"><img src="https://koalatravel.app/img/logo_sticky.png" width="160" height="34" alt="City tours" data-retina="true" class="logo_sticky"></a>
					</div>
				</div>
				<nav class="col-9">
                </nav>
			</div>
		</div>
		<!-- container -->
	</header>
	<!-- End Header -->

	<section class="parallax-window" data-parallax="scroll" data-image-src="https://t-ec.bstatic.com/images/hotel/max1280x900/421/42112781.jpg" data-natural-width="1024" data-natural-height="683">
		<div class="parallax-content-2">
			<div class="container">
				<div class="row">
					<div class="col-md-8">
						<h1>Prestige Inn Golden</h1>
						<span>1049 Trans Canada Hwy North</span>
					</div>
					<div class="col-md-4">
					</div>
				</div>
			</div>
		</div>
	</section>
	<!-- End section -->

	<main>
		<div id="position">
			<div class="container">
				<ul>
					<li><a href="https://koalatravel.app/en/all.html">All Countries</a></li>
					<li><a href="https://koalatravel.app/en/Canada/the-best-hotels-with-kids-in-canada.html">Hotels in  Canada</a></li>
					<li><a href="https://koalatravel.app/en/Canada/British-Columbia/the-best-hotels-with-kids-in-british-columbia.html">Hotels in  British Columbia</a></li>
					<li><a href="https://koalatravel.app/en/Canada/British-Columbia/Golden/the-best-hotels-with-kids-in-golden.html">Hotels in  Golden</a></li>
					<li>Prestige Inn Golden</li>
				</ul>
			</div>
		</div>
		<!-- End Position -->

		<div class="collapse" id="collapseMap">
			<div id="map" class="map"></div>
		</div>
		<!-- End Map -->

		<div class="container margin_60">
            <div class="row">
                <div class="col-lg-12" id="single_features_row">
                    <div id="single_tour_feat">
						<ul>
							    <li><i class="icon_set_2_icon-108"></i>Beach Front</li>
							    <li><i class="icon_set_2_icon-104"></i>Family Suites</li>
							    <li><i class="icon_set_2_icon-109"></i>Indoor Swimming Pool</li>
							    <li><i class="pe-7s-plugin"></i>Board Games</li>
							    <li><i class="icon_set_2_icon-116"></i>Children TV</li>
							    <li><i class="icon_set_3_restaurant-1"></i>Kid Meals</li>
						</ul>
					</div>
                </div>
            </div>
			<div class="row">
				<div class="col-lg-8" id="single_tour_desc">
					<div id="Img_carousel" class="slider-pro">
						<div class="sp-slides">
                                <div class="sp-slide">
                                    <img alt="Image" class="sp-image" src="https://t-ec.bstatic.com/images/hotel/max1280x900/421/42112781.jpg" data-src="https://t-ec.bstatic.com/images/hotel/max1280x900/421/42112781.jpg">
                                </div>
                                <div class="sp-slide">
                                    <img alt="Image" class="sp-image" src="https://t-ec.bstatic.com/images/hotel/max1280x900/128/128480306.jpg" data-src="https://t-ec.bstatic.com/images/hotel/max1280x900/128/128480306.jpg">
                                </div>
                                <div class="sp-slide">
                                    <img alt="Image" class="sp-image" src="https://t-ec.bstatic.com/images/hotel/max1280x900/421/42112759.jpg" data-src="https://t-ec.bstatic.com/images/hotel/max1280x900/421/42112759.jpg">
                                </div>
                                <div class="sp-slide">
                                    <img alt="Image" class="sp-image" src="https://t-ec.bstatic.com/images/hotel/max1280x900/421/42112776.jpg" data-src="https://t-ec.bstatic.com/images/hotel/max1280x900/421/42112776.jpg">
                                </div>
                                <div class="sp-slide">
                                    <img alt="Image" class="sp-image" src="https://t-ec.bstatic.com/images/hotel/max1280x900/421/42112789.jpg" data-src="https://t-ec.bstatic.com/images/hotel/max1280x900/421/42112789.jpg">
                                </div>
                                <div class="sp-slide">
                                    <img alt="Image" class="sp-image" src="https://t-ec.bstatic.com/images/hotel/max1280x900/421/42112751.jpg" data-src="https://t-ec.bstatic.com/images/hotel/max1280x900/421/42112751.jpg">
                                </div>
                                <div class="sp-slide">
                                    <img alt="Image" class="sp-image" src="https://t-ec.bstatic.com/images/hotel/max1280x900/421/42112760.jpg" data-src="https://t-ec.bstatic.com/images/hotel/max1280x900/421/42112760.jpg">
                                </div>
                                <div class="sp-slide">
                                    <img alt="Image" class="sp-image" src="https://t-ec.bstatic.com/images/hotel/max1280x900/421/42112780.jpg" data-src="https://t-ec.bstatic.com/images/hotel/max1280x900/421/42112780.jpg">
                                </div>
                                <div class="sp-slide">
                                    <img alt="Image" class="sp-image" src="https://t-ec.bstatic.com/images/hotel/max1280x900/421/42112786.jpg" data-src="https://t-ec.bstatic.com/images/hotel/max1280x900/421/42112786.jpg">
                                </div>
                                <div class="sp-slide">
                                    <img alt="Image" class="sp-image" src="https://t-ec.bstatic.com/images/hotel/max1280x900/421/42112751.jpg" data-src="https://t-ec.bstatic.com/images/hotel/max1280x900/421/42112751.jpg">
                                </div>
                                <div class="sp-slide">
                                    <img alt="Image" class="sp-image" src="https://t-ec.bstatic.com/images/hotel/max1280x900/421/42112789.jpg" data-src="https://t-ec.bstatic.com/images/hotel/max1280x900/421/42112789.jpg">
                                </div>
                                <div class="sp-slide">
                                    <img alt="Image" class="sp-image" src="https://t-ec.bstatic.com/images/hotel/max1280x900/128/128479982.jpg" data-src="https://t-ec.bstatic.com/images/hotel/max1280x900/128/128479982.jpg">
                                </div>
                                <div class="sp-slide">
                                    <img alt="Image" class="sp-image" src="https://t-ec.bstatic.com/images/hotel/max1280x900/421/42112796.jpg" data-src="https://t-ec.bstatic.com/images/hotel/max1280x900/421/42112796.jpg">
                                </div>
                                <div class="sp-slide">
                                    <img alt="Image" class="sp-image" src="https://t-ec.bstatic.com/images/hotel/max1280x900/421/42112782.jpg" data-src="https://t-ec.bstatic.com/images/hotel/max1280x900/421/42112782.jpg">
                                </div>
                                <div class="sp-slide">
                                    <img alt="Image" class="sp-image" src="https://t-ec.bstatic.com/images/hotel/max1280x900/421/42112784.jpg" data-src="https://t-ec.bstatic.com/images/hotel/max1280x900/421/42112784.jpg">
                                </div>
                                <div class="sp-slide">
                                    <img alt="Image" class="sp-image" src="https://t-ec.bstatic.com/images/hotel/max1280x900/421/42112761.jpg" data-src="https://t-ec.bstatic.com/images/hotel/max1280x900/421/42112761.jpg">
                                </div>
                                <div class="sp-slide">
                                    <img alt="Image" class="sp-image" src="https://t-ec.bstatic.com/images/hotel/max1280x900/421/42112766.jpg" data-src="https://t-ec.bstatic.com/images/hotel/max1280x900/421/42112766.jpg">
                                </div>
                                <div class="sp-slide">
                                    <img alt="Image" class="sp-image" src="https://t-ec.bstatic.com/images/hotel/max1280x900/421/42112751.jpg" data-src="https://t-ec.bstatic.com/images/hotel/max1280x900/421/42112751.jpg">
                                </div>
                                <div class="sp-slide">
                                    <img alt="Image" class="sp-image" src="https://t-ec.bstatic.com/images/hotel/max1280x900/421/42112782.jpg" data-src="https://t-ec.bstatic.com/images/hotel/max1280x900/421/42112782.jpg">
                                </div>
                                <div class="sp-slide">
                                    <img alt="Image" class="sp-image" src="https://t-ec.bstatic.com/images/hotel/max1280x900/421/42112760.jpg" data-src="https://t-ec.bstatic.com/images/hotel/max1280x900/421/42112760.jpg">
                                </div>
                                <div class="sp-slide">
                                    <img alt="Image" class="sp-image" src="https://t-ec.bstatic.com/images/hotel/max1280x900/421/42112776.jpg" data-src="https://t-ec.bstatic.com/images/hotel/max1280x900/421/42112776.jpg">
                                </div>
                                <div class="sp-slide">
                                    <img alt="Image" class="sp-image" src="https://t-ec.bstatic.com/images/hotel/max1280x900/421/42112759.jpg" data-src="https://t-ec.bstatic.com/images/hotel/max1280x900/421/42112759.jpg">
                                </div>
                                <div class="sp-slide">
                                    <img alt="Image" class="sp-image" src="https://t-ec.bstatic.com/images/hotel/max1280x900/421/42112751.jpg" data-src="https://t-ec.bstatic.com/images/hotel/max1280x900/421/42112751.jpg">
                                </div>
                                <div class="sp-slide">
                                    <img alt="Image" class="sp-image" src="https://t-ec.bstatic.com/images/hotel/max1280x900/421/42112789.jpg" data-src="https://t-ec.bstatic.com/images/hotel/max1280x900/421/42112789.jpg">
                                </div>
						</div>
						<div class="sp-thumbnails">
                                <img alt="Image" class="sp-thumbnail" src="https://t-ec.bstatic.com/images/hotel/max1280x900/421/42112781.jpg">
                                <img alt="Image" class="sp-thumbnail" src="https://t-ec.bstatic.com/images/hotel/max1280x900/128/128480306.jpg">
                                <img alt="Image" class="sp-thumbnail" src="https://t-ec.bstatic.com/images/hotel/max1280x900/421/42112759.jpg">
                                <img alt="Image" class="sp-thumbnail" src="https://t-ec.bstatic.com/images/hotel/max1280x900/421/42112776.jpg">
                                <img alt="Image" class="sp-thumbnail" src="https://t-ec.bstatic.com/images/hotel/max1280x900/421/42112789.jpg">
                                <img alt="Image" class="sp-thumbnail" src="https://t-ec.bstatic.com/images/hotel/max1280x900/421/42112751.jpg">
                                <img alt="Image" class="sp-thumbnail" src="https://t-ec.bstatic.com/images/hotel/max1280x900/421/42112760.jpg">
                                <img alt="Image" class="sp-thumbnail" src="https://t-ec.bstatic.com/images/hotel/max1280x900/421/42112780.jpg">
                                <img alt="Image" class="sp-thumbnail" src="https://t-ec.bstatic.com/images/hotel/max1280x900/421/42112786.jpg">
                                <img alt="Image" class="sp-thumbnail" src="https://t-ec.bstatic.com/images/hotel/max1280x900/421/42112751.jpg">
                                <img alt="Image" class="sp-thumbnail" src="https://t-ec.bstatic.com/images/hotel/max1280x900/421/42112789.jpg">
                                <img alt="Image" class="sp-thumbnail" src="https://t-ec.bstatic.com/images/hotel/max1280x900/128/128479982.jpg">
                                <img alt="Image" class="sp-thumbnail" src="https://t-ec.bstatic.com/images/hotel/max1280x900/421/42112796.jpg">
                                <img alt="Image" class="sp-thumbnail" src="https://t-ec.bstatic.com/images/hotel/max1280x900/421/42112782.jpg">
                                <img alt="Image" class="sp-thumbnail" src="https://t-ec.bstatic.com/images/hotel/max1280x900/421/42112784.jpg">
                                <img alt="Image" class="sp-thumbnail" src="https://t-ec.bstatic.com/images/hotel/max1280x900/421/42112761.jpg">
                                <img alt="Image" class="sp-thumbnail" src="https://t-ec.bstatic.com/images/hotel/max1280x900/421/42112766.jpg">
                                <img alt="Image" class="sp-thumbnail" src="https://t-ec.bstatic.com/images/hotel/max1280x900/421/42112751.jpg">
                                <img alt="Image" class="sp-thumbnail" src="https://t-ec.bstatic.com/images/hotel/max1280x900/421/42112782.jpg">
                                <img alt="Image" class="sp-thumbnail" src="https://t-ec.bstatic.com/images/hotel/max1280x900/421/42112760.jpg">
                                <img alt="Image" class="sp-thumbnail" src="https://t-ec.bstatic.com/images/hotel/max1280x900/421/42112776.jpg">
                                <img alt="Image" class="sp-thumbnail" src="https://t-ec.bstatic.com/images/hotel/max1280x900/421/42112759.jpg">
                                <img alt="Image" class="sp-thumbnail" src="https://t-ec.bstatic.com/images/hotel/max1280x900/421/42112751.jpg">
                                <img alt="Image" class="sp-thumbnail" src="https://t-ec.bstatic.com/images/hotel/max1280x900/421/42112789.jpg">
						</div>
					</div>

					<hr>

					<div class="row">
						<div class="col-lg-3">
							<h3>Description</h3>
						</div>
						<div class="col-lg-9">
                                <p>Just off the Trans-Canada Highway, this hotel is 4 km from Golden Golf Club. It features on-site dining and an indoor pool with hot tub.</p>
                                <p>Soundproofed guest rooms offer free WiFi. A flat-screen HD cable TV and a work desk are provided in each room at Prestige Inn Golden.</p>
                                <p>The traditionally styled rooms can be accessed through a private entrance. It includes a fridge, coffee maker and eco-friendly bath amenities.</p>
                                <p>Golden Prestige Inn offers Ricky&#x27;s All Day Grill, offering casual dining for breakfast, lunch and dinner.</p>
                                <p>Wild Rose Lounge serves Rocky Mountain cold beer, wine and spirits. A fitness center for guests over 18 is on site for guest convenience.</p>
                                <p>Meeting rooms are also available. Guests can enjoy the free use of beach toys and games, and board games from the front desk.</p>
                                <p>Guests can ski at Kicking Horse Mountain Resort, 13 km from Prestige Inn. The Art Gallery of Golden and Golden Entertainment Centre are each less than 2 km away.</p>
							<h4></h4>
							<p>
                                
							</p>
							<div class="row">
								<div class="col-md-12">
									<ul class="list_ok">
									</ul>
								</div>
							</div>
							<!-- End row  -->
						</div>
						<!-- End col-md-9  -->
					</div>
					<!-- End row  -->

					<hr>

					<div class="row">
						<div class="col-lg-3">
							<h3>Ratings</h3>
						</div>
						<div class="col-lg-9">
							<div id="score_detail"><span>78</span>Very Good <small>(Based on a  8.2  booking.com score and our AI algorithms)</small>
							</div>
							<!-- End general_rating -->
							<div class="row" id="rating_summary">
								<div class="col-md-6">
									<ul>
										<li>Booking.com Score
											<div class="rating">                                        
													<i class="icon-smile voted"></i>
													<i class="icon-smile voted"></i>
													<i class="icon-smile voted"></i>
													<i class="icon-smile voted"></i>
													<i class="icon-smile"></i>
											</div>
										</li>
										<li>Ammenities for Kids
											<div class="rating">                                        
													<i class="icon-smile voted"></i>
													<i class="icon-smile voted"></i>
													<i class="icon-smile voted"></i>
													<i class="icon-smile voted"></i>
													<i class="icon-smile voted"></i>
													<i class="icon-smile voted"></i>
											</div>
										</li>
									</ul>
								</div>
								<div class="col-md-6">
									<ul>
										<li>Room Size
											<div class="rating">                                        
											</div>
										</li>
										<li>Reviews
											<div class="rating">                                        
													<i class="icon-smile voted"></i>
													<i class="icon-smile"></i>
													<i class="icon-smile"></i>
													<i class="icon-smile"></i>
													<i class="icon-smile"></i>
											</div>
										</li>
									</ul>
								</div>
							</div>
						</div>
					</div>
					<!-- End row -->

                    <hr>

					<div class="row">
						<div class="col-lg-3">
							<h3>What to do nearby</h3>
						</div>
						<div class="col-lg-9">
                            <div class="table-responsive">
								<table class="table table-striped">
									<thead>
										<tr>
											<th colspan="2">
												Fun things to do
											</th>
										</tr>
									</thead>
									<tbody>
										<tr>
											<td>
												<a href="http://www.kickinghorsemovies.com/">Golden Cinema</a>
											</td>
											<td>
												1 km
											</td>
										</tr>
										<tr>
											<td>
												<a href="https://maps.google.com/?ll&#x3D;51.2948213,-116.9619625">Royal Canadian Legion</a>
											</td>
											<td>
												1 km
											</td>
										</tr>
										<tr>
											<td>
												<a href="https://maps.google.com/?ll&#x3D;51.2959228,-116.9556799">Golden Skatepark</a>
											</td>
											<td>
												2 km
											</td>
										</tr>
										<tr>
											<td>
												<a href="https://maps.google.com/?ll&#x3D;51.298243,-117.0499267">Kicking Horse Mountain Resort</a>
											</td>
											<td>
												5 km
											</td>
										</tr>
										<tr>
											<td>
												<a href="https://maps.google.com/?ll&#x3D;51.2906063,-117.0577993">Bear Enclosure</a>
											</td>
											<td>
												6 km
											</td>
										</tr>
									</tbody>
								</table>
							</div>
                            <div class="table-responsive">
								<table class="table table-striped">
									<thead>
										<tr>
											<th colspan="2">
												Interesting cultural locations
											</th>
										</tr>
									</thead>
									<tbody>
										<tr>
											<td data-poi-category='139'>
												<a href="https://maps.google.com/?ll&#x3D;51.3006417,-116.9684974">Down Memory Lanes Bowling</a>
											</td>
											<td>
												1 km
											</td>
										</tr>
										<tr>
											<td data-poi-category='139'>
												<a href="https://maps.google.com/?ll&#x3D;51.2995433,-116.9850352">Skydive Extreme Yeti</a>
											</td>
											<td>
												1 km
											</td>
										</tr>
										<tr>
											<td data-poi-category='139'>
												<a href="https://maps.google.com/?ll&#x3D;51.2972378,-116.9828437">Alpine Helicopters</a>
											</td>
											<td>
												1 km
											</td>
										</tr>
										<tr>
											<td data-poi-category='139'>
												<a href="https://maps.google.com/?ll&#x3D;51.348501,-116.9547476">White N Wild Snowmobile</a>
											</td>
											<td>
												4 km
											</td>
										</tr>
									</tbody>
								</table>
							</div>
                            <div class="table-responsive">
								<table class="table table-striped">
									<thead>
										<tr>
											<th colspan="2">
												In case something goes wrong
											</th>
										</tr>
									</thead>
									<tbody>
										<tr>
											<td>
												<a href="https://maps.google.com/?ll&#x3D;51.2970762,-116.9670466">Golden Hospital</a>
											</td>
											<td>
												1 km
											</td>
										</tr>
										<tr>
											<td>
												<a href="https://maps.google.com/?ll&#x3D;51.2974517,-116.9641853">Karen Janicek Registered Massage Therapist</a>
											</td>
											<td>
												1 km
											</td>
										</tr>
										<tr>
											<td>
												<a href="https://maps.google.com/?ll&#x3D;51.296976,-116.9655733">Golden Medical Clinic</a>
											</td>
											<td>
												1 km
											</td>
										</tr>
										<tr>
											<td>
												<a href="https://maps.google.com/?ll&#x3D;51.2937819,-116.9624484">People&#x27;s Drug Mart</a>
											</td>
											<td>
												2 km
											</td>
										</tr>
									</tbody>
								</table>
							</div>
                            <div class="table-responsive">
								<table class="table table-striped">
									<thead>
										<tr>
											<th colspan="2">
												If you need to buy something
											</th>
										</tr>
									</thead>
									<tbody>
										<tr>
											<td>
												<a href="https://maps.google.com/?ll&#x3D;51.3024975,-116.9684477">IGA</a>
											</td>
											<td>
												1 km
											</td>
										</tr>
										<tr>
											<td>
												<a href="http://www.thebargainshop.com">The Bargain! Shop</a>
											</td>
											<td>
												1 km
											</td>
										</tr>
										<tr>
											<td>
												<a href="https://maps.google.com/?ll&#x3D;51.2967755,-116.9627942">Liquidation Centre</a>
											</td>
											<td>
												1 km
											</td>
										</tr>
										<tr>
											<td>
												<a href="https://maps.google.com/?ll&#x3D;51.2945089,-116.9620375">Overwaitea</a>
											</td>
											<td>
												1 km
											</td>
										</tr>
									</tbody>
								</table>
							</div>
                        </div>
					</div>
					<!-- End row  -->
				</div>
				<!--End  single_tour_desc-->

				<aside class="col-lg-4">
					<div class="box_style_2">
                    	<i class="icon_set_2_icon-104"></i>
                    	<h4>Need <span>Space?</span></h4>
                        <h6>Rooms up to  <span>320 <small>sqft</small></span></h6>
                	</div>					
					<div class="box_style_1 expose">
						<form id="book" name="book" method="POST" action="http://booking.koalatravel.app:3005/book">
							<input type="hidden" id="dest_id" name="dest_id" value="310495"/>
							<input type="hidden" id="language" name="language" value="en"/>
							<input type="hidden" id="propertyId" name="id" value="5d876956921bf35446b47bb4"/>

							<h3 class="inner">Check Availability</h3>
							<div class="row">
								<div class="col-md-6">
									<div class="form-group">
										<label><i class="icon-calendar-7"></i> Check in</label>
										<input class="date-pick form-control start-date" data-date-format="mm/dd/yyyy" data-language="en" type="text" name="checkin">
									</div>
								</div>
								<div class="col-md-6">
									<div class="form-group">
										<label><i class="icon-calendar-7"></i> Check out</label>
										<input class="date-pick form-control end-date" data-date-format="mm/dd/yyyy" data-language="en" type="text" name="checkout">
									</div>
								</div>
							</div>
							<div class="row">
								<div class="col-6">
									<div class="form-group">
										<label>Adults</label>
										<div class="numbers-row">
											<input type="text" value="2" id="adults" class="qty2 form-control" name="adults">
										</div>
									</div>
								</div>
								<div class="col-6">
									<div class="form-group">
										<label>Children</label>
										<div class="numbers-row">
											<input type="text" value="2" id="children" class="qty2 form-control" name="children">
										</div>
									</div>
								</div>
							</div>
							<br>

							<a href="javascript:{}" onclick="document.getElementById('book').submit();" class="btn_full">Check at booking.com</a>
						</form>
					</div>
					<!--/box_style_1 -->

					<div class="box_style_4">
						<h4>or <span>Download</span> our app</h4>
						<p><a href="https://play.google.com/store/apps/details?id=com.koalaapp&referrer=utm_source%3Dstaticweb"><img src="https://koalatravel.app/img/app_small.png" alt="Download now" class="img-fluid laptop"></a></p>
                    	<a href='https://play.google.com/store/apps/details?id=com.koalaapp&pcampaignid=koala-web&referrer=utm_source%3Dstaticweb'><img alt='Get it on Google Play' src='https://play.google.com/intl/en_us/badges/images/badge_new.png'/></a>
					</div>
					<div class="box_style_1">
						<h3 class="inner">Policies</h3>
						<table class="table table_summary">
							<tbody>
									<tr>
                                		<td>All children are welcome.</td>
									</tr>
									<tr>
                                		<td>All children under 3 years are charged CAD 10 per person per night for children&#x27;s cots/cribs.</td>
									</tr>
									<tr>
                                		<td>All older children or adults are charged CAD 20 per person per night for extra beds.</td>
									</tr>
									<tr>
                                		<td>All children under 17 years stay free of charge when using existing beds.</td>
									</tr>
									<tr>
                                		<td>The maximum number of children&#x27;s cots/cribs in a room is 1.</td>
									</tr>
									<tr>
                                		<td>The maximum number of extra beds in a room is 1.</td>
									</tr>
							</tbody>
						</table>
					</div>

				</aside>
			</div>
			<!--End row -->
		</div>
		<!--End container -->
        
        <div id="overlay"></div>
		<!-- Mask on input focus -->
    
	</main>
	<!-- End main -->

	<footer class="revealed">
        <div class="container">
            <div class="row">
                <div class="col-md-4">
                    <h3></h3>
                    <a href="mailto:canteirasoftware@gmail.com" id="email_footer">canteirasoftware@gmail.com</a>
                </div>
                <div class="col-md-3">
                    <h3></h3>
                    <ul>
                         <li><a href="https://koalatravel.app/privacy.html"></a></li>
                    </ul>
                </div>
            </div><!-- End row -->
            <div class="row">
                <div class="col-md-12">
                </div>
            </div><!-- End row -->
        </div><!-- End container -->
    </footer><!-- End footer -->

	<div id="toTop"></div><!-- Back to top button -->
		

	<!-- Common scripts -->
	<script src="https://koalatravel.app/js/jquery-2.2.4.min.js"></script>
	<script src="https://koalatravel.app/js/common_scripts_min.js"></script>
	<script src="https://koalatravel.app/js/functions.js"></script>

	<!-- Date and time pickers -->
	<script src="https://koalatravel.app/js/jquery.sliderPro.min.js"></script>
	<script type="text/javascript">
		$(document).ready(function ($) {
			$('#Img_carousel').sliderPro({
				width: 960,
				height: 500,
				fade: true,
				arrows: true,
				buttons: false,
				fullScreen: false,
				smallSize: 500,
				startSlide: 0,
				mediumSize: 1000,
				largeSize: 3000,
				thumbnailArrows: true,
				autoplay: false
			});
		});
	</script>

	<!-- Date and time pickers -->
	<script src="https://koalatravel.app/js/locales/bootstrap-datepicker.es.js" charset="UTF-8"></script>
	<script>
		var today = new Date();
		var tomorrow= new Date(today.getTime() + (24 * 60 * 60 * 1000));
		$('input.start-date').datepicker({'language':'en', 'format':'mm/dd/yyyy', startDate: today })
			.on('changeDate', function(selected) {
        		var minDate = new Date(new Date(selected.date.valueOf()).getTime() + (24 * 60 * 60 * 1000))
        		$('input.end-date').datepicker('setStartDate', minDate);
				//console.log('Changed end date to: ' + minDate);

				$('input.end-date').datepicker('setDate', minDate);
			});
		$('input.start-date').datepicker('update', today);
			
		$('input.end-date').datepicker({'language':'en', 'format':'mm/dd/yyyy', startDate: tomorrow })
			.on('changeDate', function(selected) {
            	var maxDate = new Date(selected.date.valueOf());
            	$('input.end-date').datepicker('setEndDate', maxDate);

			});
		$('input.end-date').datepicker('update', tomorrow);
	</script>

	
	<!-- Map -->
	<!--
		<script src="http://maps.googleapis.com/maps/api/js"></script>                      
		<script src="https://koalatravel.app/js/map.js"></script>
		<script src="https://koalatravel.app/js/infobox.js"></script>
	-->
	
	<!-- Carousel -->
	<script>
		$('.carousel-thumbs-2').owlCarousel({
		loop:false,
		margin:5,
		responsiveClass:true,
		nav:false,
		responsive:{
			0:{
				items:1
			},
			600:{
				items:3
			},
			1000:{
				items:4,
				nav:false 
			}
		}
	});
	</script>	
	
</body>

</html>